==============================================================================
RUN DKVMNFIX__assistments_2021__seed0
DKVMN refit with corrected memory ordering — assistments_2021, seed 20260202
started   2026-08-18 17:05:09   pid 613231
writes to /home/hamed/Downloads/Research/P02/PCDT_P2_runs/runs/DKVMNFIX__assistments_2021__seed0
reads     RQ2RQ3__assistments_2021__seed0/predictions_test.npz, RQ2RQ3__assistments_2021__seed0/table1_bucket_counts.csv
==============================================================================
dataset : assistments_2021 | seed: 20260202 | legacy lag: False
paths   : {'plogs': '/home/hamed/Downloads/Research/dataset/feb_to_apr/plogs.csv', 'details': '/home/hamed/Downloads/Research/dataset/feb_to_apr/pdets.csv'}
[assistments_2021] 15,406 learners | 1,145,941 interactions | 69,930 items | 396 skills | correct 0.666 | median span 49.0 d
        behavioural signals present: ['response_time', 'hint_frac', 'attempt_count']
  train 7,047 learners | 484,346 interactions
  val   1,407 learners | 96,960 interactions
  test  5,643 learners | 390,114 interactions
skill vocabulary (train-derived): 376
horizon  points  learners
 within  324164      5643
sameday   24810      4263
     d1   25354      4445
     d7    8934      4123
    d28    1209      1171
  read input     RQ2RQ3__assistments_2021__seed0/table1
         points_now  learners_now  points_archived  learners_archived
horizon                                                              
within       324164          5643           324164               5643
sameday       24810          4263            24810               4263
d1            25354          4445            25354               4445
d7             8934          4123             8934               4123
d28            1209          1171             1209               1171

SPLIT GATE PASSED — every bucket count reproduces the archived run exactly.
device: cuda
capacity-matched hidden=182 params=350,351 within tolerance=True
  lr=0.0005  val AUC=0.7494
  lr=0.001   val AUC=0.7500
  lr=0.002   val AUC=0.7504
selected lr=0.002 val AUC=0.7504  (20.1 min)
  read input     RQ2RQ3__assistments_2021__seed0/predictions
wrote predictions_test_dkvmnfix.npz (seven models carried over unchanged, DKVMN replaced, legacy column retained)
  read input     src/table2
Table 2 (corrected). Only DKVMN should move.

     model      n     auc     acc    rmse     nll     ece   brier  auc_archived  delta_vs_archived
       DKT 384471 0.74527 0.72674 0.42983 0.55049 0.00898 0.18475       0.74527                0.0
      SAKT 384471 0.72438 0.71243 0.43788 0.56700 0.00961 0.19174       0.72438                0.0
       AKT 384471 0.73164 0.71760 0.43562 0.56298 0.01475 0.18977       0.73164                0.0
     DKVMN 384471 0.74327 0.72543 0.43049 0.55185 0.00715 0.18532       0.74327                0.0
     DKT-F 384471 0.74926 0.72757 0.42850 0.54756 0.00878 0.18361       0.74926                0.0
      PCDT 384471 0.75058 0.73012 0.42731 0.54503 0.00485 0.18260       0.75058                0.0
PCDT-noPsi 384471 0.74998 0.72968 0.42756 0.54538 0.00631 0.18281       0.74998                0.0
   Control 384471 0.73597 0.72320 0.43253 0.55634 0.01028 0.18709       0.73597                0.0

confirmed: seven models bit-identical to the archived run; DKVMN moved +0.00000 AUC

strongest tuned baseline is now DKT-F (was DKT-F); PCDT - DKT-F = +0.0013
H1 NOT SUPPORTED at the pre-registered MMDE of 0.01
tables -> /home/hamed/Downloads/Research/P02/PCDT_P2_runs/runs/DKVMNFIX__assistments_2021__seed0/tables: ['table1_bucket_counts', 'table2_predictive', 'table9_postgap_auc_by_model']
Table 9 (corrected).

     model  auc_within  rank_within  auc_d1  auc_d7  auc_d28  auc_mean_postgap  rank_mean_postgap
      PCDT      0.7615          1.0  0.6839  0.6577      n/a            0.6708                4.0
PCDT-noPsi      0.7603          2.0  0.6888  0.6593      n/a            0.6740                3.0
     DKT-F      0.7583          3.0  0.6894  0.6638      n/a            0.6766                2.0
       DKT      0.7552          4.0  0.6840  0.6528      n/a            0.6684                6.0
     DKVMN      0.7532          5.0  0.6842  0.6573      n/a            0.6708                5.0
   Control      0.7494          6.0  0.6523  0.6246      n/a            0.6384                8.0
       AKT      0.7420          7.0  0.6689  0.6454      n/a            0.6572                7.0
      SAKT      0.7308          8.0  0.6900  0.6655      n/a            0.6778                1.0
  read input     src/table9

DKVMN, archived -> corrected:
  auc_within           0.7532182507263072 -> 0.7532182507263072   (+0.00000)
  rank_within                 5.0 ->        5.0   (+0.00000)
  auc_mean_postgap     0.6707826706995185 -> 0.6707826706995185   (+0.00000)
  rank_mean_postgap           5.0 ->        5.0   (+0.00000)

Rank movement for every model (archived -> corrected):
  DKT          within    4 ->    4   postgap    6 ->    6
  SAKT         within    8 ->    8   postgap    1 ->    1
  AKT          within    7 ->    7   postgap    7 ->    7
  DKVMN        within    5 ->    5   postgap    5 ->    5
  DKT-F        within    3 ->    3   postgap    2 ->    2
  PCDT         within    1 ->    1   postgap    4 ->    4
  PCDT-noPsi   within    2 ->    2   postgap    3 ->    3
  Control      within    6 ->    6   postgap    8 ->    8
       comparison  delta_auc  ci_lo  ci_hi     p  meaningful  p_holm
       PCDT - DKT     0.0053 0.0044 0.0062 0.000       False   0.000
      PCDT - SAKT     0.0262 0.0247 0.0278 0.000        True   0.000
       PCDT - AKT     0.0189 0.0179 0.0200 0.000        True   0.000
     PCDT - DKVMN     0.0073 0.0065 0.0081 0.000       False   0.000
     PCDT - DKT-F     0.0013 0.0005 0.0022 0.002       False   0.004
PCDT - PCDT-noPsi     0.0006 0.0000 0.0012 0.037       False   0.037
   PCDT - Control     0.0146 0.0135 0.0156 0.000        True   0.000

Table 5 (corrected). comparators: ['Control', 'DKT-F'] 

 adequate  n_learners  n_points  retention_advantage   ci_lo   ci_hi  auc_pcdt  auc_comparator horizon comparator     source
     True        4445     25354               0.0195  0.0168  0.0222    0.6839          0.6523      d1    Control       real
     True        4123      8934               0.0211  0.0168  0.0252    0.6577          0.6246      d7    Control       real
    False        1171      1209                    -       -       -         -               -     d28    Control INADEQUATE
     True        4445     25354              -0.0087 -0.0125 -0.0051    0.6839          0.6894      d1      DKT-F       real
     True        4123      8934              -0.0092 -0.0155 -0.0027    0.6577          0.6638      d7      DKT-F       real
    False        1171      1209                    -       -       -         -               -     d28      DKT-F INADEQUATE

Table 7 (corrected).

removed_or_compared  auc_variant  auc_pcdt  delta_auc  ci_lo  ci_hi     p  meaningful  p_holm
         PCDT-noPsi       0.7500    0.7506     0.0006 0.0000 0.0012 0.037       False   0.037
            Control       0.7360    0.7506     0.0146 0.0135 0.0156 0.000        True   0.000
              DKT-F       0.7493    0.7506     0.0013 0.0005 0.0022 0.002       False   0.004

Table 6 (corrected) — strict wins by comparator:
  vs Control    16/20 operating points
  vs DKT-F      1/20 operating points
tables -> /home/hamed/Downloads/Research/P02/PCDT_P2_runs/runs/DKVMNFIX__assistments_2021__seed0/tables: ['table3_statistics', 'table5_persistence', 'table6_educational_utility', 'table7_ablation_persistence']
remaining tables saved BEFORE any figure is drawn

==============================================================================
RUN DKVMNFIX__assistments_2021__seed0 — complete
  runtime        56.84 min
  files written  19
  inputs read    4 (0 missing)
  concurrent     DKVMNFIX__assistments_2021__seed1 (10 files), DKVMNFIX__assistments_2021__seed2 (10 files)
                 ran alongside this one and wrote only into its own folder — expected, not a problem
  isolation      OK — no finished run was modified
  manifest       /home/hamed/Downloads/Research/P02/PCDT_P2_runs/runs/DKVMNFIX__assistments_2021__seed0/manifest.json
==============================================================================
