==============================================================================
RUN RQ1__ednet_flat__seed2
RQ1 construct-validity audit — EdNet-KT1, seed 20260204
started   2026-08-17 20:07:24   pid 714198
writes to /home/hamed/Downloads/Research/P02/PCDT_P2_runs/runs/RQ1__ednet_flat__seed2
reads     nothing — this notebook is a producer
==============================================================================
  data flat      /home/hamed/Downloads/Research/dataset/EdNet/ednet_kt1_flat.csv
==============================================================================
ednet_flat
[ednet_flat] 15,235 learners | 5,071,150 interactions | 12,111 items | 142 skills | correct 0.668 | median span 1.2 d
        behavioural signals present: ['response_time']
  OK  15,235 learners | 5,071,150 interactions | 142 KCs
      correct 0.668 | median span 1.2 d | mean span 69.4 d
      NOTE short median span; quote the mean and the gap distribution too — a short median with a long mean means a bimodal population, not an unusable dataset.
Table 0. Dataset characteristics for THIS SEED's learner sample.

   dataset  learners  interactions  items  KCs  correct_rate  median_span_d  mean_span_d  pct_gap_ge_1wk  pct_gap_ge_4wk  pct_gap_ge_8wk  hint  attempt     seed  sampled_from_max_learners
ednet_flat     15235       5071150  12111  142        0.6683           1.21        69.35            37.3            24.2            18.3 False    False 20260204                      20000

These are not fixed properties of the datasets. Seeds 20260202/20260203/20260204 draw different samples, so learners, interactions, items, KCs and correct-rate all differ between them. Report Table 1 of the manuscript for the PRIMARY seed and say so, or report the three side by side — do not present one seed's counts as the dataset's. Cross-seed agreement elsewhere is correspondingly STRONGER than a split-only resampling would give, and is worth stating in those terms.
ednet_flat         struggle-signal B_t: False | 15,235 learners with a split-half ability pair

==============================================================================
Table 1 — ednet_flat

              dimension                                                                 proxy   alpha  split_half  convergent  sim_recovery verdict
         I_t (identity)                                     split-half baseline-ability trait     n/a    0.752770    0.627474      0.627474  retain
        C_t (cognition)                         running per-KC correctness (mastery estimate)     n/a    0.752770    0.425248           n/a  retain
        B_t (behaviour)                        latency-only (no hint/attempt in this dataset) 0.38389    0.000000   -0.013643           n/a  reject
    M_t (metacognition)                   latency-accuracy coupling (prev_rt_z vs correction)     n/a    0.000000    0.091332      0.091332  reject
            G_t (goals)       curricular-progress fraction (no goal annotation in ednet_flat)     n/a    1.000000    0.134110           n/a  reject
H_t (historical memory) recency-weighted prior correctness; retained only if it adds OVER C_t     n/a    0.821055    0.754962      0.183590  retain
  NOTE [I_t] CIRCULARITY WARNING: reliability is borrowed from C_proxy, and convergent validity is the SAME statistic as sim_recovery (corr(ability_h1, ability_h2)) -- i.e. I_t is validated against its own stability. Treat the 'retain' verdict as computational persistence of ability, NOT as an independently validated construct. See AUDIT_REPORT.md Finding 2
  NOTE [M_t] split-half floored at 0: the two history halves correlate NEGATIVELY, so this is 'not internally consistent', not 'reliability measured as 0'
  NOTE [G_t] reliability is 1.000 BY CONSTRUCTION: the proxy is a deterministic 0->1 ramp in sequence position, so its halves correlate perfectly. Read this as 'not a measurement', not as 'perfectly reliable'
  NOTE [H_t] sim_recovery column holds INCREMENTAL validity over C_t, not simulator recovery
Verdict by dimension — ednet_flat

                        ednet_flat
dimension                         
I_t (identity)              retain
C_t (cognition)             retain
B_t (behaviour)             reject
M_t (metacognition)         reject
G_t (goals)                 reject
H_t (historical memory)     retain

Convergent validity (r) — ednet_flat

                         ednet_flat
dimension                          
I_t (identity)                0.627
C_t (cognition)               0.425
B_t (behaviour)              -0.014
M_t (metacognition)           0.091
G_t (goals)                   0.134
H_t (historical memory)       0.755

retained: ['I_t (identity)', 'C_t (cognition)', 'H_t (historical memory)']
rejected: ['B_t (behaviour)', 'M_t (metacognition)', 'G_t (goals)']

Whether these verdicts agree ACROSS datasets and seeds is answered in SUMMARY__all, which reads every RQ1 run. It is deliberately not answered here: this notebook sees one dataset at one seed and must not imply otherwise.
tables -> /home/hamed/Downloads/Research/P02/PCDT_P2_runs/runs/RQ1__ednet_flat__seed2/tables: ['table1_audit_ednet_flat']
ednet_flat         retained=['I_t', 'C_t', 'H_t']  proxy_only=[]  -> model_dimensions=['C_t', 'H_t', 'I_t']
tables -> /home/hamed/Downloads/Research/P02/PCDT_P2_runs/runs/RQ1__ednet_flat__seed2/tables: ['table0_dataset_characteristics', 'table1_convergent_matrix', 'table1_verdict_matrix']

==============================================================================
RUN RQ1__ednet_flat__seed2 — complete
  runtime        0.53 min
  files written  12
  inputs read    0 (0 missing)
  concurrent     RQ1__junyi__seed0 (2 files)
                 ran alongside this one and wrote only into its own folder — expected, not a problem
  isolation      OK — no finished run was modified
  manifest       /home/hamed/Downloads/Research/P02/PCDT_P2_runs/runs/RQ1__ednet_flat__seed2/manifest.json
==============================================================================
