==============================================================================
RUN RQ2RQ3__ednet_flat__seed0
RQ2 + RQ3 — EdNet-KT1, seed 20260202
started   2026-08-18 10:45:43   pid 10903
writes to /home/hamed/Downloads/Research/P02/PCDT_P2_runs/runs/RQ2RQ3__ednet_flat__seed0
reads     nothing — this notebook is a producer
concurrent runs detected: RQ2RQ3__ednet_flat__seed1, RQ2RQ3__ednet_flat__seed2
  (parallel execution is supported and expected — see RUN_ORDER.md)
==============================================================================
  data flat      /home/hamed/Downloads/Research/dataset/EdNet/ednet_kt1_flat.csv
  split        : 50%/10%/40% learner-level, stratified on largest gap
  capacity     : 350,000 params +/- 5%
  lr grid      : [0.0005, 0.001, 0.002] (identical for every model)
  MMDE         : 0.01 AUC
[ednet_flat] 15,324 learners | 4,934,433 interactions | 11,857 items | 142 skills | correct 0.669 | median span 1.2 d
        behavioural signals present: ['response_time']
  OK  15,324 learners | 4,934,433 interactions | 142 KCs
      correct 0.669 | median span 1.2 d | mean span 68.3 d
      NOTE short median span; quote the mean and the gap distribution too — a short median with a long mean means a bimodal population, not an unusable dataset.

Temporal profile (referee concern: is the long-gap subpopulation real?)

                         statistic     value
                             count 15324.000
                              mean    68.255
                               std   134.373
                               min     0.000
                               25%     0.010
                               50%     1.173
                               75%    63.865
                               90%   243.690
                               95%   385.698
                               max   921.897
 % learners with span >= 1 week(s)    43.252
% learners with a GAP >= 1 week(s)    37.458
 % learners with span >= 2 week(s)    38.835
% learners with a GAP >= 2 week(s)    30.893
 % learners with span >= 4 week(s)    33.125
% learners with a GAP >= 4 week(s)    24.080
 % learners with span >= 8 week(s)    26.527
% learners with a GAP >= 8 week(s)    18.181
  train 7,662 learners | 625,256 interactions
  val   1,532 learners | 125,547 interactions
  test  6,130 learners | 500,873 interactions

skill vocabulary (train-derived): 143

REAL prediction points per horizon in the enlarged test split:

horizon  points  learners  adequate
 within  466914      6130      True
sameday   15048      2635      True
     d1    8859      2392      True
     d7    2323      1369      True
    d28    1599      1140     False

Adequacy floor: >= 2,000 points AND >= 300 learners.
A horizon below the floor is reported INADEQUATE and is NOT replaced by a simulated value.
device: cuda
models: ['DKT', 'SAKT', 'AKT', 'DKVMN', 'DKT-F', 'PCDT', 'PCDT-noPsi', 'Control']
Temporal alignment gate — target j must use interactions 0..j-1

  DKT          ok      highest position used per target: 1:0, 2:1, 3:2, 4:3, 5:4, 6:5 ...
  SAKT         ok      highest position used per target: 1:0, 2:1, 3:2, 4:3, 5:4, 6:5 ...
  AKT          ok      highest position used per target: 1:0, 2:1, 3:2, 4:3, 5:4, 6:5 ...
  DKVMN        ok      highest position used per target: 1:0, 2:1, 3:2, 4:3, 5:4, 6:5 ...
  DKT-F        ok      highest position used per target: 1:0, 2:1, 3:2, 4:3, 5:4, 6:5 ...
  PCDT         ok      highest position used per target: 1:0, 2:1, 3:2, 4:3, 5:4, 6:5 ...
  PCDT-noPsi   ok      highest position used per target: 1:0, 2:1, 3:2, 4:3, 5:4, 6:5 ...
  Control      ok      highest position used per target: 1:0, 2:1, 3:2, 4:3, 5:4, 6:5 ...

GATE PASSED — all eight models see identical history.

DKVMN memory ordering: canonical
  DKT          hidden= 184 params= 351,583 lr=0.0005  val AUC=0.7093 
  SAKT         hidden= 172 params= 347,097 lr=0.0005  val AUC=0.7061 
  AKT          hidden= 237 params= 351,142 lr=0.0005  val AUC=0.6893 
  DKVMN        hidden= 240 params= 349,921 lr=0.0005  val AUC=0.7107 
  DKT-F        hidden= 183 params= 349,673 lr=0.0005  val AUC=0.7097 
  PCDT         hidden= 159 params= 348,371 lr=0.001   val AUC=0.7111 
  PCDT-noPsi   hidden= 159 params= 348,371 lr=0.0005  val AUC=0.7122 
  Control      hidden= 159 params= 348,371 lr=0.0005  val AUC=0.7019 

total training time: 42.5 min
saved predictions_test.npz + model_*.pt
Table 2. Next-interaction predictive performance, capacity-matched.

     model  params  hidden     lr  capacity_matched      n    auc    acc   rmse    nll    ece  brier
       DKT  351583     184 0.0005              True 494743 0.7092 0.6821 0.4558 0.6038 0.0117 0.2078
      SAKT  347097     172 0.0005              True 494743 0.7053 0.6809 0.4569 0.6063 0.0147 0.2088
       AKT  351142     237 0.0005              True 494743 0.6895 0.6736 0.4609 0.6143 0.0087 0.2124
     DKVMN  349921     240 0.0005              True 494743 0.7111 0.6831 0.4552 0.6025 0.0079 0.2072
     DKT-F  349673     183 0.0005              True 494743 0.7091 0.6817 0.4559 0.6043 0.0142 0.2079
      PCDT  348371     159 0.0010              True 494743 0.7117 0.6840 0.4545 0.6011 0.0088 0.2066
PCDT-noPsi  348371     159 0.0005              True 494743 0.7127 0.6845 0.4543 0.6004 0.0080 0.2064
   Control  348371     159 0.0005              True 494743 0.7034 0.6803 0.4566 0.6053 0.0057 0.2085

Strongest tuned baseline on ednet_flat: DKVMN (AUC 0.7111)
PCDT - DKVMN = +0.0006 AUC
H1 NOT SUPPORTED at the pre-registered MMDE of 0.01
Paired bootstrap over test LEARNERS (2,000 resamples, Holm-corrected).

       comparison  delta_auc   ci_lo   ci_hi    p  meaningful  p_holm                             verdict
       PCDT - DKT     0.0025  0.0019  0.0032 0.00       False    0.00 significant but < 0.01 (negligible)
      PCDT - SAKT     0.0064  0.0056  0.0072 0.00       False    0.00 significant but < 0.01 (negligible)
       PCDT - AKT     0.0222  0.0206  0.0238 0.00        True    0.00          significant AND meaningful
     PCDT - DKVMN     0.0006 -0.0001  0.0013 0.12       False    0.12                     not significant
     PCDT - DKT-F     0.0027  0.0020  0.0033 0.00       False    0.00 significant but < 0.01 (negligible)
PCDT - PCDT-noPsi    -0.0010 -0.0014 -0.0006 0.00       False    0.00 significant but < 0.01 (negligible)
   PCDT - Control     0.0083  0.0075  0.0091 0.00       False    0.00 significant but < 0.01 (negligible)

Large n makes trivial differences significant. A difference is credited only if it is both Holm-significant and at least the pre-registered MMDE.
comparators: ['Control', 'DKT-F', 'DKVMN']

Table 5. Retention advantage (difference-in-differences in AUC, 95% CI).

 adequate  n_learners  n_points  retention_advantage   ci_lo   ci_hi  auc_pcdt  auc_comparator horizon comparator     source
     True        2392      8859               0.0061  0.0011  0.0110    0.6378          0.6237      d1    Control       real
     True        1369      2323               0.0089  0.0009  0.0173    0.6445          0.6276      d7    Control       real
    False        1140      1599                    -       -       -         -               -     d28    Control INADEQUATE
     True        2392      8859               0.0045 -0.0012  0.0100    0.6378          0.6306      d1      DKT-F       real
     True        1369      2323               0.0034 -0.0071  0.0133    0.6445          0.6384      d7      DKT-F       real
    False        1140      1599                    -       -       -         -               -     d28      DKT-F INADEQUATE
     True        2392      8859              -0.0082 -0.0136 -0.0025    0.6378          0.6449      d1      DKVMN       real
     True        1369      2323              -0.0104 -0.0201 -0.0006    0.6445          0.6537      d7      DKVMN       real
    False        1140      1599                    -       -       -         -               -     d28      DKVMN INADEQUATE

Any horizon marked INADEQUATE is NOT a result and must not be replaced by a simulated value in the manuscript without an explicit (sim) tag.
Table 6. Educational utility: review targeting vs each comparator.

horizon comparator  threshold  extra_correctly_flagged  extra_false_alarms  fewer_missed  d_precision  d_recall    d_f1  strict_win
 within    Control        0.3                     2014                 782          2014      -0.0033    0.0106  0.0123       False
 within    Control        0.4                     2995                1700          2995      -0.0054    0.0157  0.0139       False
 within    Control        0.5                     3979                2357          3979      -0.0025    0.0209  0.0148       False
 within    Control        0.6                     2085                -687          2085       0.0065    0.0109  0.0087        True
 within    Control        0.7                    -1849               -8976         -1849       0.0113   -0.0097  0.0059       False
sameday    Control        0.3                       35                  20            35      -0.0271    0.0065  0.0119       False
sameday    Control        0.4                      124                  57           124       0.0041    0.0230  0.0377       False
sameday    Control        0.5                      175                  60           175       0.0244    0.0324  0.0417       False
sameday    Control        0.6                       23                -187            23       0.0237    0.0043  0.0120        True
sameday    Control        0.7                     -119                -501          -119       0.0148   -0.0221  0.0060       False
     d1    Control        0.3                       35                  11            35      -0.0105    0.0111  0.0202       False
     d1    Control        0.4                       72                  14            72       0.0359    0.0228  0.0379       False
     d1    Control        0.5                       94                  13            94       0.0316    0.0298  0.0392       False
     d1    Control        0.6                       11                 -72            11       0.0166    0.0035  0.0087        True
     d1    Control        0.7                      -58                -248           -58       0.0122   -0.0184  0.0051       False
     d7    Control        0.3                       11                   6            11      -0.0206    0.0119  0.0201       False
     d7    Control        0.4                       23                  10            23      -0.0006    0.0249  0.0364       False
     d7    Control        0.5                       25                  15            25       0.0028    0.0270  0.0286       False
     d7    Control        0.6                       44                 -19            44       0.0380    0.0476  0.0436        True
     d7    Control        0.7                      -11                 -35           -11       0.0065   -0.0119  0.0018       False
 within      DKT-F        0.3                     4288                1372          4288      -0.0031    0.0225  0.0269       False
 within      DKT-F        0.4                      733                -348           733       0.0051    0.0038  0.0046        True
 within      DKT-F        0.5                    -2976               -3972         -2976       0.0131   -0.0156 -0.0070       False
 within      DKT-F        0.6                    -2705               -5351         -2705       0.0102   -0.0142 -0.0015       False
 within      DKT-F        0.7                     2358                4562          2358      -0.0037    0.0124  0.0009       False
sameday      DKT-F        0.3                       25                  12            25      -0.0096    0.0046  0.0085       False
sameday      DKT-F        0.4                      -39                 -63           -39       0.0391   -0.0072 -0.0102       False
sameday      DKT-F        0.5                     -205                -264          -205       0.0354   -0.0380 -0.0370       False
sameday      DKT-F        0.6                     -405                -609          -405       0.0181   -0.0751 -0.0350       False
sameday      DKT-F        0.7                     -146                -388          -146       0.0083   -0.0271 -0.0006       False
     d1      DKT-F        0.3                       40                  15            40      -0.0295    0.0127  0.0231       False
     d1      DKT-F        0.4                      -29                 -17           -29       0.0090   -0.0092 -0.0142       False
     d1      DKT-F        0.5                     -151                -226          -151       0.0649   -0.0478 -0.0428       False
     d1      DKT-F        0.6                     -224                -467          -224       0.0408   -0.0710 -0.0216       False
     d1      DKT-F        0.7                      -95                -240           -95       0.0078   -0.0301 -0.0015       False
     d7      DKT-F        0.3                        7                   7             7      -0.0452    0.0076  0.0123       False
     d7      DKT-F        0.4                        9                  -7             9       0.0445    0.0097  0.0160        True
     d7      DKT-F        0.5                      -45                 -42           -45       0.0158   -0.0486 -0.0431       False
     d7      DKT-F        0.6                      -64                 -97           -64       0.0244   -0.0692 -0.0236       False
     d7      DKT-F        0.7                      -14                 -85           -14       0.0194   -0.0151  0.0114       False
 within      DKVMN        0.3                     3716                 895          3716       0.0018    0.0195  0.0236       False
 within      DKVMN        0.4                    -1824               -2043         -1824       0.0110   -0.0096 -0.0066       False
 within      DKVMN        0.5                    -2834               -3331         -2834       0.0102   -0.0149 -0.0074       False
 within      DKVMN        0.6                    -3550               -6120         -3550       0.0106   -0.0186 -0.0034       False
 within      DKVMN        0.7                    -3288               -7740         -3288       0.0070   -0.0172  0.0005       False
sameday      DKVMN        0.3                      -24                   0           -24      -0.0242   -0.0044 -0.0082       False
sameday      DKVMN        0.4                      -52                 -25           -52      -0.0001   -0.0096 -0.0151       False
sameday      DKVMN        0.5                     -110                 -76          -110       0.0006   -0.0204 -0.0232       False
sameday      DKVMN        0.6                     -209                -129          -209      -0.0093   -0.0387 -0.0273       False
sameday      DKVMN        0.7                     -121                -119          -121      -0.0021   -0.0224 -0.0078       False
     d1      DKVMN        0.3                        5                   6             5      -0.0230    0.0016  0.0027       False
     d1      DKVMN        0.4                      -35                 -28           -35       0.0225   -0.0111 -0.0167       False
     d1      DKVMN        0.5                      -87                 -82           -87       0.0172   -0.0276 -0.0292       False
     d1      DKVMN        0.6                     -104                -128          -104       0.0054   -0.0329 -0.0176       False
     d1      DKVMN        0.7                      -81                 -73           -81      -0.0030   -0.0257 -0.0093       False
     d7      DKVMN        0.3                        0                   5             0      -0.0456    0.0000 -0.0006       False
     d7      DKVMN        0.4                       -1                 -10            -1       0.0364   -0.0011  0.0004       False
     d7      DKVMN        0.5                      -16                   1           -16      -0.0179   -0.0173 -0.0204       False
     d7      DKVMN        0.6                      -12                 -26           -12       0.0102   -0.0130 -0.0025       False
     d7      DKVMN        0.7                      -15                  -4           -15      -0.0040   -0.0162 -0.0076       False

STRICT WINS (more correctly flagged AND no more false alarms):
  vs Control    4/20 operating points
  vs DKT-F      2/20 operating points
  vs DKVMN      0/20 operating points

Wording the evidence supports: if strict wins are common against Control but rare against the strongest baseline, the claim is 'time-aware modelling improves review targeting over a session-resetting baseline' — NOT 'over the state of the art'.
Table 7. Ablation of the persistence mechanism (within session).

removed_or_compared  auc_variant  auc_pcdt  delta_auc   ci_lo   ci_hi    p  meaningful  p_holm
         PCDT-noPsi       0.7127    0.7117    -0.0010 -0.0014 -0.0006 0.00       False    0.00
            Control       0.7034    0.7117     0.0083  0.0075  0.0091 0.00       False    0.00
              DKVMN       0.7111    0.7117     0.0006 -0.0001  0.0013 0.12       False    0.12

Within-session contribution of Psi (PCDT - PCDT-noPsi): -0.0010 AUC
A near-zero or negative value means the operator contributes nothing within session; whether it earns its place must then be decided on the post-gap evidence below.
Table 9. Within-session and post-gap AUC by model.

     model  auc_within  auc_d1  auc_d7  auc_d28  auc_mean_postgap  rank_within  rank_mean_postgap
PCDT-noPsi      0.7163  0.6438  0.6537      n/a            0.6487          1.0                2.0
      PCDT      0.7155  0.6378  0.6445      n/a            0.6412          2.0                5.0
     DKVMN      0.7144  0.6449  0.6537      n/a            0.6493          3.0                1.0
       DKT      0.7129  0.6347  0.6487      n/a            0.6417          4.0                4.0
     DKT-F      0.7128  0.6306  0.6384      n/a            0.6345          5.0                6.0
      SAKT      0.7087  0.6374  0.6475      n/a            0.6425          6.0                3.0
   Control      0.7076  0.6237  0.6276      n/a            0.6257          7.0                7.0
       AKT      0.6937  0.6048  0.6144      n/a            0.6096          8.0                8.0

Top within session : PCDT-noPsi
Top across gaps    : DKVMN
Models moving >= 2 rank positions between the two protocols: ['PCDT', 'DKVMN', 'SAKT']

This notebook REPORTS the divergence. It is CONFIRMED, against a rule pre-registered before the run, only in Notebook 3.
tables -> /home/hamed/Downloads/Research/P02/PCDT_P2_runs/runs/RQ2RQ3__ednet_flat__seed0/tables: ['table0_temporal_profile', 'table1_bucket_counts', 'table2_predictive', 'table3_statistics', 'table5_persistence', 'table6_educational_utility', 'table7_ablation_persistence', 'table9_postgap_auc_by_model']
Models below the diagonal degrade across gaps. Ranking divergence needs no exotic mechanism — only that models degrade at DIFFERENT rates.

==============================================================================
RUN RQ2RQ3__ednet_flat__seed0 — complete
  runtime        99.38 min
  files written  32
  inputs read    0 (0 missing)
  concurrent     RQ2RQ3__ednet_flat__seed1 (11 files), RQ2RQ3__ednet_flat__seed2 (11 files)
                 ran alongside this one and wrote only into its own folder — expected, not a problem
  isolation      OK — no finished run was modified
  manifest       /home/hamed/Downloads/Research/P02/PCDT_P2_runs/runs/RQ2RQ3__ednet_flat__seed0/manifest.json
==============================================================================
