==============================================================================
RUN RQ2RQ3__assistments_2021__seed2
RQ2 + RQ3 — ASSISTments 2020-21, seed 20260204
started   2026-08-17 20:13:56   pid 716775
writes to /home/hamed/Downloads/Research/P02/PCDT_P2_runs/runs/RQ2RQ3__assistments_2021__seed2
reads     nothing — this notebook is a producer
concurrent runs detected: RQ2RQ3__assistments_2021__seed0, RQ2RQ3__assistments_2021__seed1
  (parallel execution is supported and expected — see RUN_ORDER.md)
==============================================================================
  data plogs     /home/hamed/Downloads/Research/dataset/feb_to_apr/plogs.csv
  data details   /home/hamed/Downloads/Research/dataset/feb_to_apr/pdets.csv
  split        : 50%/10%/40% learner-level, stratified on largest gap
  capacity     : 350,000 params +/- 5%
  lr grid      : [0.0005, 0.001, 0.002] (identical for every model)
  MMDE         : 0.01 AUC
[assistments_2021] 15,325 learners | 1,135,067 interactions | 69,229 items | 394 skills | correct 0.669 | median span 48.9 d
        behavioural signals present: ['response_time', 'hint_frac', 'attempt_count']
  OK  15,325 learners | 1,135,067 interactions | 394 KCs
      correct 0.669 | median span 48.9 d | mean span 45.6 d

Temporal profile (referee concern: is the long-gap subpopulation real?)

                         statistic     value
                             count 15325.000
                              mean    45.618
                               std    31.005
                               min     0.000
                               25%    15.446
                               50%    48.880
                               75%    75.822
                               90%    83.975
                               95%    85.910
                               max   142.896
 % learners with span >= 1 week(s)    81.638
% learners with a GAP >= 1 week(s)    76.561
 % learners with span >= 2 week(s)    76.424
% learners with a GAP >= 2 week(s)    54.656
 % learners with span >= 4 week(s)    66.010
% learners with a GAP >= 4 week(s)    20.483
 % learners with span >= 8 week(s)    44.307
% learners with a GAP >= 8 week(s)     2.460
  train 6,975 learners | 472,029 interactions
  val   1,393 learners | 96,592 interactions
  test  5,586 learners | 391,186 interactions

skill vocabulary (train-derived): 375

REAL prediction points per horizon in the enlarged test split:

horizon  points  learners  adequate
 within  325503      5585      True
sameday   25487      4290      True
     d1   24789      4434      True
     d7    8607      4050      True
    d28    1214      1169     False

Adequacy floor: >= 2,000 points AND >= 300 learners.
A horizon below the floor is reported INADEQUATE and is NOT replaced by a simulated value.
device: cuda
models: ['DKT', 'SAKT', 'AKT', 'DKVMN', 'DKT-F', 'PCDT', 'PCDT-noPsi', 'Control']
Temporal alignment gate — target j must use interactions 0..j-1

  DKT          ok      highest position used per target: 1:0, 2:1, 3:2, 4:3, 5:4, 6:5 ...
  SAKT         ok      highest position used per target: 1:0, 2:1, 3:2, 4:3, 5:4, 6:5 ...
  AKT          ok      highest position used per target: 1:0, 2:1, 3:2, 4:3, 5:4, 6:5 ...
  DKVMN        ok      highest position used per target: 1:0, 2:1, 3:2, 4:3, 5:4, 6:5 ...
  DKT-F        ok      highest position used per target: 1:0, 2:1, 3:2, 4:3, 5:4, 6:5 ...
  PCDT         ok      highest position used per target: 1:0, 2:1, 3:2, 4:3, 5:4, 6:5 ...
  PCDT-noPsi   ok      highest position used per target: 1:0, 2:1, 3:2, 4:3, 5:4, 6:5 ...
  Control      ok      highest position used per target: 1:0, 2:1, 3:2, 4:3, 5:4, 6:5 ...

GATE PASSED — all eight models see identical history.

DKVMN memory ordering: canonical
  DKT          hidden= 150 params= 350,475 lr=0.0005  val AUC=0.7439 
  SAKT         hidden= 140 params= 344,121 lr=0.0005  val AUC=0.7222 
  AKT          hidden= 199 params= 349,622 lr=0.001   val AUC=0.7298 
  DKVMN        hidden= 182 params= 349,805 lr=0.001   val AUC=0.7407 
  DKT-F        hidden= 150 params= 351,675 lr=0.001   val AUC=0.7464 
  PCDT         hidden= 134 params= 350,010 lr=0.0005  val AUC=0.7477 
  PCDT-noPsi   hidden= 134 params= 350,010 lr=0.001   val AUC=0.7489 
  Control      hidden= 134 params= 350,010 lr=0.0005  val AUC=0.7337 

total training time: 56.7 min
saved predictions_test.npz + model_*.pt
Table 2. Next-interaction predictive performance, capacity-matched.

     model  params  hidden     lr  capacity_matched      n    auc    acc   rmse    nll    ece  brier
       DKT  350475     150 0.0005              True 385600 0.7454 0.7273 0.4291 0.5488 0.0049 0.1841
      SAKT  344121     140 0.0005              True 385600 0.7237 0.7131 0.4379 0.5670 0.0239 0.1917
       AKT  349622     199 0.0010              True 385600 0.7305 0.7202 0.4352 0.5625 0.0248 0.1894
     DKVMN  349805     182 0.0010              True 385600 0.7425 0.7255 0.4303 0.5515 0.0143 0.1852
     DKT-F  351675     150 0.0010              True 385600 0.7504 0.7290 0.4276 0.5454 0.0183 0.1828
      PCDT  350010     134 0.0005              True 385600 0.7493 0.7307 0.4271 0.5445 0.0058 0.1824
PCDT-noPsi  350010     134 0.0010              True 385600 0.7499 0.7304 0.4272 0.5448 0.0103 0.1825
   Control  350010     134 0.0005              True 385600 0.7348 0.7237 0.4320 0.5553 0.0088 0.1867

Strongest tuned baseline on assistments_2021: DKT-F (AUC 0.7504)
PCDT - DKT-F = -0.0011 AUC
H1 NOT SUPPORTED at the pre-registered MMDE of 0.01
Paired bootstrap over test LEARNERS (2,000 resamples, Holm-corrected).

       comparison  delta_auc   ci_lo   ci_hi     p  meaningful  p_holm                             verdict
       PCDT - DKT     0.0039  0.0030  0.0047 0.000       False   0.000 significant but < 0.01 (negligible)
      PCDT - SAKT     0.0256  0.0241  0.0272 0.000        True   0.000          significant AND meaningful
       PCDT - AKT     0.0188  0.0178  0.0198 0.000        True   0.000          significant AND meaningful
     PCDT - DKVMN     0.0068  0.0059  0.0077 0.000       False   0.000 significant but < 0.01 (negligible)
     PCDT - DKT-F    -0.0011 -0.0020 -0.0002 0.015       False   0.030 significant but < 0.01 (negligible)
PCDT - PCDT-noPsi    -0.0006 -0.0012 -0.0000 0.045       False   0.045 significant but < 0.01 (negligible)
   PCDT - Control     0.0145  0.0135  0.0156 0.000        True   0.000          significant AND meaningful

Large n makes trivial differences significant. A difference is credited only if it is both Holm-significant and at least the pre-registered MMDE.
comparators: ['Control', 'DKT-F']

Table 5. Retention advantage (difference-in-differences in AUC, 95% CI).

 adequate  n_learners  n_points  retention_advantage   ci_lo   ci_hi  auc_pcdt  auc_comparator horizon comparator     source
     True        4434     24789               0.0151  0.0125  0.0177    0.6853          0.6576      d1    Control       real
     True        4050      8607               0.0090  0.0047  0.0134    0.6485          0.6269      d7    Control       real
    False        1169      1214                    -       -       -         -               -     d28    Control INADEQUATE
     True        4434     24789              -0.0085 -0.0119 -0.0051    0.6853          0.6929      d1      DKT-F       real
     True        4050      8607              -0.0023 -0.0088  0.0040    0.6485          0.6499      d7      DKT-F       real
    False        1169      1214                    -       -       -         -               -     d28      DKT-F INADEQUATE

Any horizon marked INADEQUATE is NOT a result and must not be replaced by a simulated value in the manuscript without an explicit (sim) tag.
Table 6. Educational utility: review targeting vs each comparator.

horizon comparator  threshold  extra_correctly_flagged  extra_false_alarms  fewer_missed  d_precision  d_recall    d_f1  strict_win
 within    Control        0.3                     1759                 338          1759       0.0007    0.0164  0.0226       False
 within    Control        0.4                     2800                 835          2800       0.0010    0.0262  0.0285       False
 within    Control        0.5                     1533                -134          1533       0.0093    0.0143  0.0140        True
 within    Control        0.6                     1258               -1088          1258       0.0123    0.0118  0.0120        True
 within    Control        0.7                     2338                1218          2338       0.0035    0.0219  0.0105       False
sameday    Control        0.3                      285                 -21           285       0.0472    0.0289  0.0421        True
sameday    Control        0.4                      394                  54           394       0.0252    0.0399  0.0448       False
sameday    Control        0.5                      151                -267           151       0.0312    0.0153  0.0212        True
sameday    Control        0.6                      111                -429           111       0.0263    0.0113  0.0194        True
sameday    Control        0.7                      191                -269           191       0.0152    0.0194  0.0172        True
     d1    Control        0.3                      213                  -9           213       0.0322    0.0222  0.0313        True
     d1    Control        0.4                      270                 -26           270       0.0282    0.0282  0.0328        True
     d1    Control        0.5                      232                -238           232       0.0347    0.0242  0.0285        True
     d1    Control        0.6                      211                -290           211       0.0249    0.0220  0.0236        True
     d1    Control        0.7                      166                -283           166       0.0154    0.0173  0.0167        True
     d7    Control        0.3                       49                  10            49       0.0134    0.0145  0.0199       False
     d7    Control        0.4                       80                  36            80       0.0076    0.0236  0.0247       False
     d7    Control        0.5                       90                 -16            90       0.0202    0.0266  0.0250        True
     d7    Control        0.6                       82                 -64            82       0.0194    0.0242  0.0216        True
     d7    Control        0.7                       96                 -51            96       0.0143    0.0284  0.0193        True
 within      DKT-F        0.3                    -2439               -1645         -2439       0.0349   -0.0228 -0.0273       False
 within      DKT-F        0.4                    -3793               -3303         -3793       0.0339   -0.0355 -0.0301       False
 within      DKT-F        0.5                    -4542               -5181         -4542       0.0289   -0.0425 -0.0231       False
 within      DKT-F        0.6                    -4589               -7653         -4589       0.0268   -0.0429 -0.0103       False
 within      DKT-F        0.7                    -4208               -9750         -4208       0.0198   -0.0393 -0.0005       False
sameday      DKT-F        0.3                      357                 166           357      -0.0122    0.0362  0.0494       False
sameday      DKT-F        0.4                      147                  29           147       0.0073    0.0149  0.0161       False
sameday      DKT-F        0.5                     -290                -290          -290       0.0081   -0.0294 -0.0166       False
sameday      DKT-F        0.6                     -709                -972          -709       0.0173   -0.0719 -0.0212       False
sameday      DKT-F        0.7                     -909               -1694          -909       0.0208   -0.0922 -0.0101       False
     d1      DKT-F        0.3                      655                 347           655      -0.0306    0.0684  0.0938       False
     d1      DKT-F        0.4                      451                 339           451      -0.0179    0.0471  0.0454       False
     d1      DKT-F        0.5                     -100                -107          -100       0.0035   -0.0104 -0.0058       False
     d1      DKT-F        0.6                     -768               -1086          -768       0.0201   -0.0802 -0.0232       False
     d1      DKT-F        0.7                    -1100               -2180         -1100       0.0284   -0.1148 -0.0103       False
     d7      DKT-F        0.3                      291                 185           291      -0.0584    0.0859  0.1227       False
     d7      DKT-F        0.4                      255                 251           255      -0.0492    0.0753  0.0744       False
     d7      DKT-F        0.5                       31                  24            31       0.0002    0.0092  0.0062       False
     d7      DKT-F        0.6                     -228                -395          -228       0.0211   -0.0673 -0.0152       False
     d7      DKT-F        0.7                     -372                -814          -372       0.0282   -0.1099 -0.0068       False

STRICT WINS (more correctly flagged AND no more false alarms):
  vs Control    14/20 operating points
  vs DKT-F      0/20 operating points

Wording the evidence supports: if strict wins are common against Control but rare against the strongest baseline, the claim is 'time-aware modelling improves review targeting over a session-resetting baseline' — NOT 'over the state of the art'.
Table 7. Ablation of the persistence mechanism (within session).

removed_or_compared  auc_variant  auc_pcdt  delta_auc   ci_lo   ci_hi     p  meaningful  p_holm
         PCDT-noPsi       0.7499    0.7493    -0.0006 -0.0012 -0.0000 0.045       False   0.045
            Control       0.7348    0.7493     0.0145  0.0135  0.0156 0.000        True   0.000
              DKT-F       0.7504    0.7493    -0.0011 -0.0020 -0.0002 0.015       False   0.030

Within-session contribution of Psi (PCDT - PCDT-noPsi): -0.0006 AUC
A near-zero or negative value means the operator contributes nothing within session; whether it earns its place must then be decided on the post-gap evidence below.
Table 9. Within-session and post-gap AUC by model.

     model  auc_within  auc_d1  auc_d7  auc_d28  auc_mean_postgap  rank_within  rank_mean_postgap
PCDT-noPsi      0.7597  0.6908  0.6533      n/a            0.6721          1.0                1.0
      PCDT      0.7597  0.6853  0.6485      n/a            0.6669          2.0                5.0
     DKT-F      0.7588  0.6929  0.6499      n/a            0.6714          3.0                2.0
       DKT      0.7547  0.6875  0.6452      n/a            0.6663          4.0                6.0
     DKVMN      0.7516  0.6881  0.6480      n/a            0.6680          5.0                4.0
   Control      0.7471  0.6576  0.6269      n/a            0.6422          6.0                8.0
       AKT      0.7412  0.6692  0.6328      n/a            0.6510          7.0                7.0
      SAKT      0.7301  0.6878  0.6521      n/a            0.6699          8.0                3.0

Top within session : PCDT-noPsi
Top across gaps    : PCDT-noPsi
Models moving >= 2 rank positions between the two protocols: ['PCDT', 'DKT', 'Control', 'SAKT']

This notebook REPORTS the divergence. It is CONFIRMED, against a rule pre-registered before the run, only in Notebook 3.
tables -> /home/hamed/Downloads/Research/P02/PCDT_P2_runs/runs/RQ2RQ3__assistments_2021__seed2/tables: ['table0_temporal_profile', 'table1_bucket_counts', 'table2_predictive', 'table3_statistics', 'table5_persistence', 'table6_educational_utility', 'table7_ablation_persistence', 'table9_postgap_auc_by_model']
Models below the diagonal degrade across gaps. Ranking divergence needs no exotic mechanism — only that models degrade at DIFFERENT rates.

==============================================================================
RUN RQ2RQ3__assistments_2021__seed2 — complete
  runtime        98.12 min
  files written  32
  inputs read    0 (0 missing)
  concurrent     RQ2RQ3__assistments_2021__seed0 (34 files), RQ2RQ3__assistments_2021__seed1 (34 files)
                 ran alongside this one and wrote only into its own folder — expected, not a problem
  isolation      OK — no finished run was modified
  manifest       /home/hamed/Downloads/Research/P02/PCDT_P2_runs/runs/RQ2RQ3__assistments_2021__seed2/manifest.json
==============================================================================
